(define
(pow
a
b)
(if
(=
b
0)
1
(*
(pow
a
(-
b
1))
a)))
(
define
(
pow
a
b
)
(
w
(
if
(
=
b
0
)
(
(
(
ne
1
(
*
(
pow
a
(
-1
b
0
)
)
(
(
ne
a
)
)
)
(
ne
